// Vitest Snapshot v1, https://vitest.dev/guide/snapshot.html

exports[`mountTest > test App 1`] = `""`;

exports[`mountTest > test custom component 1`] = `""`;

exports[`mountTest > test custom component 2`] = `""`;

exports[`mountTest > test custom component 3`] = `""`;

exports[`mountTest > test custom component 4`] = `""`;

exports[`mountTest > test major view 1`] = `""`;
